../Core/Src/main.c:128:6:HAL_CAN_RxFifo0MsgPendingCallback	16	static
../Core/Src/main.c:146:6:HAL_GPIO_EXTI_Callback	16	static
../Core/Src/main.c:174:5:main	32	static
../Core/Src/main.c:495:6:SystemClock_Config	88	static
../Core/Src/main.c:542:13:MX_ADC1_Init	24	static
../Core/Src/main.c:598:13:MX_CAN_Init	8	static
../Core/Src/main.c:635:13:MX_GPIO_Init	40	static
../Core/Src/main.c:683:5:getTempCH1	48	static
../Core/Src/main.c:717:5:getTempCH2	48	static
../Core/Src/main.c:757:6:Error_Handler	8	static,ignoring_inline_asm
