../Core/Src/main.c:141:6:HAL_CAN_RxFifo0MsgPendingCallback	16	static
../Core/Src/main.c:160:6:HAL_GPIO_EXTI_Callback	16	static
../Core/Src/main.c:188:5:main	32	static
../Core/Src/main.c:591:6:SystemClock_Config	88	static
../Core/Src/main.c:639:13:MX_ADC1_Init	24	static
../Core/Src/main.c:695:13:MX_CAN_Init	8	static
../Core/Src/main.c:732:13:MX_IWDG_Init	8	static
../Core/Src/main.c:760:13:MX_GPIO_Init	40	static
../Core/Src/main.c:818:12:getTempCH1	48	static
../Core/Src/main.c:852:12:getTempCH2	48	static
../Core/Src/main.c:892:6:Error_Handler	4	static,ignoring_inline_asm
